> Task :clean FAILED
1 actionable task: 1 executed
